 
Tree 0 : 
    3902_nova : 
      No autapomorphies 
    4360_mitc : 
      No autapomorphies 
    4361_mitc : 
      No autapomorphies 
    4362_mitc : 
      Char. 0: point(s) 0, 49 
      Char. 1: point(s) 0, 1, 2, 3, 4, 5, 6 
      Char. 2: point(s) 0, 1, 2, 3, 4, 5, 6, 7, 8, 9, 10, 11, 12, 13, 14, 15, 16, 17, 18, 19, 20, 21, 22, 23, 24, 25, 26, 27, 28, 29, 30, 31, 32, 33, 34, 35, 36, 37, 38, 39, 40, 41, 42, 43, 44, 45, 46, 47, 48, 49 
      Char. 3: point(s) 0, 1, 2, 3, 4, 5, 6, 7, 8, 9, 10, 11, 12, 13, 14, 15, 16, 17, 18, 19, 20, 21, 22, 23, 24, 25, 26, 27, 28, 29, 30, 31, 32, 33, 34, 35, 36, 37, 38, 39, 40, 41, 42, 43, 44, 45, 46, 47, 48, 49 
    4363_mitc : 
      Char. 1: point(s) 1 
      Char. 2: point(s) 23, 46 
      Char. 3: point(s) 0, 1, 2, 3, 4, 5, 6, 7, 8, 9, 10, 11, 12, 13, 14, 15, 16, 17, 18, 19, 20, 21, 22, 23, 24, 25, 26, 27, 28, 29, 30, 31, 32, 33, 34, 35, 36, 37, 38, 39, 40, 41, 42, 43, 44, 45, 46, 47, 48, 49 
    4364_mitc : 
      Char. 0: point(s) 0, 1, 2, 3, 4, 5, 6, 7, 8, 9, 10, 11, 12, 13, 14, 15, 16, 17, 18, 19, 20, 21, 22, 23, 24, 26, 27, 28, 29, 30, 31, 32, 33, 34, 35, 36, 37, 38, 39, 40, 41, 42, 43, 44, 45, 46, 47, 48, 49 
      Char. 1: point(s) 1, 2, 4, 5, 6 
      Char. 2: point(s) 0, 1, 2, 3, 4, 5, 6, 7, 8, 9, 10, 11, 12, 13, 14, 17, 18, 19, 20, 21, 22, 23, 24, 25, 26, 27, 28, 29, 30, 31, 32, 33, 34, 35, 36, 37, 38, 40, 41, 42, 43, 44, 45, 46, 47, 48, 49 
      Char. 3: point(s) 0, 1, 2, 3, 4, 5, 6, 7, 8, 10, 11, 12, 13, 14, 19, 20, 21, 22, 23, 24, 25, 26, 27, 28, 29, 30, 31, 32, 33, 35, 36, 37, 38, 39, 40, 41, 42, 43, 44, 45, 46, 47, 48, 49 
    4365_mitc : 
      Char. 0: point(s) 0, 1, 2, 3, 4, 5, 7, 8, 10, 14, 15, 16, 17, 18, 19, 24, 25, 26, 27, 28, 29, 30, 31, 32, 35, 36, 37, 38, 39, 40, 41, 42 
      Char. 1: point(s) 0, 1, 2, 3, 4, 5, 6 
      Char. 2: point(s) 0, 1, 2, 3, 4, 5, 6, 7, 8, 9, 10, 11, 12, 13, 14, 15, 16, 17, 18, 19, 20, 21, 22, 23, 24, 25, 26, 27, 28, 29, 30, 31, 32, 33, 34, 35, 36, 37, 38, 39, 40, 41, 42, 43, 44, 45, 46, 47, 48, 49 
      Char. 3: point(s) 0, 1, 2, 3, 4, 5, 6, 7, 8, 9, 10, 14, 15, 16, 17, 18, 19, 20, 21, 22, 23, 24, 25, 26, 27, 28, 29, 30, 31, 32, 33, 34, 35, 37, 38, 39, 40, 41, 42, 43, 44, 45, 46, 47, 48, 49 
    4366_mitc : 
      Char. 0: point(s) 2, 3, 4, 5, 6, 7, 8, 9, 10, 11, 12, 13, 14, 15, 19, 20, 21, 22, 23, 25, 26, 27, 28, 29, 30, 31, 32, 33, 34, 35, 36, 37, 38, 39, 40, 41, 42, 43, 44, 45, 46, 47, 48, 49 
      Char. 1: point(s) 0, 1, 2, 3, 4, 5, 6 
      Char. 2: point(s) 0, 1, 2, 3, 4, 5, 6, 7, 8, 9, 10, 11, 12, 13, 14, 15, 16, 17, 18, 19, 20, 21, 22, 23, 24, 25, 26, 27, 28, 29, 30, 31, 32, 33, 34, 35, 36, 37, 38, 39, 40, 41, 42, 43, 44, 45, 46, 47, 48, 49 
      Char. 3: point(s) 0, 1, 2, 3, 4, 5, 6, 7, 8, 9, 10, 11, 12, 13, 14, 15, 16, 17, 18, 19, 20, 21, 22, 27, 28, 29, 30, 31, 32, 33, 34, 35, 36, 37, 38, 39, 40, 41, 42, 43, 44, 45, 46, 47, 48, 49 
    4367_mitc : 
      Char. 0: point(s) 23 
    4368_mitc : 
      Char. 1: point(s) 0, 1, 2, 3, 6 
      Char. 2: point(s) 0, 1, 2, 3, 4, 5, 6, 9, 10, 11, 12, 13, 14, 15, 16, 17, 18, 19, 20, 22, 24, 33, 34, 35, 36, 37, 39, 40, 41, 42, 43, 44, 45, 46, 47, 48, 49 
      Char. 3: point(s) 0, 1, 2, 3, 4, 5, 6, 7, 8, 9, 10, 11, 12, 13, 14, 15, 16, 17, 18, 19, 20, 21, 22, 23, 24, 25, 26, 27, 28, 29, 30, 31, 32, 33, 34, 35, 36, 39, 43 
    4369_mitc : 
      Char. 1: point(s) 0, 1, 2, 3, 6 
      Char. 2: point(s) 0, 1, 2, 3, 4, 5, 6, 9, 10, 11, 12, 13, 14, 15, 16, 17, 18, 19, 20, 22, 24, 33, 34, 35, 36, 37, 39, 40, 41, 42, 43, 44, 45, 46, 47, 48, 49 
      Char. 3: point(s) 0, 1, 2, 3, 4, 5, 6, 7, 8, 9, 10, 11, 12, 13, 14, 15, 16, 17, 18, 19, 20, 21, 22, 23, 24, 25, 26, 27, 28, 29, 30, 31, 32, 33, 34, 35, 36, 39, 43 
    4370_nova : 
      Char. 0: point(s) 0, 1, 2, 3, 4, 5, 6, 7, 8, 9, 10, 11, 12, 13, 14, 15, 16, 17, 18, 19, 20, 21, 22, 23, 25, 26, 27, 28, 29, 30, 31, 32, 33, 34, 35, 36, 37, 38, 39, 40, 41, 42, 43, 44, 45, 46, 47, 48, 49 
    4371_nova : 
      Char. 0: point(s) 0, 2, 7, 10, 11, 13, 21, 22, 27, 35, 36, 41, 43, 45, 47 
      Char. 1: point(s) 0, 3 
      Char. 2: point(s) 7, 8, 9, 10, 11, 12, 13, 15, 16, 18, 19, 20, 21, 23, 24, 25, 26, 27, 28, 30, 31, 32, 33, 34, 36, 37, 38, 39, 40, 41, 42, 43, 44, 45, 46, 47, 48, 49 
      Char. 3: point(s) 3, 5, 6, 7, 8, 11, 17, 18, 19, 20, 21, 22, 23, 24, 25, 26, 29, 30, 31, 32, 33, 34, 39, 40, 41, 42, 43, 44, 45, 46, 47, 48, 49 
    4372_nova : 
      No autapomorphies 
    4373_nova : 
      No autapomorphies 
    4374_nova : 
      Char. 0: point(s) 0, 12, 13, 15, 16, 17, 18, 19, 20, 21, 22, 23, 24, 25, 26, 29, 30, 31, 32, 36, 37, 38 
      Char. 1: point(s) 0, 1, 2, 3, 4, 5, 6 
      Char. 2: point(s) 13, 17, 20, 21, 22, 23, 24, 25, 26, 27, 28, 29, 30, 31, 38, 40, 41, 42 
      Char. 3: point(s) 0, 1, 2, 3, 4, 5, 6, 7, 8, 9, 10, 11, 12, 13, 14, 15, 16, 17, 18, 23, 24, 25, 26, 27, 28, 29, 30, 31, 32, 33, 34, 35, 36, 37, 38, 39, 40, 41, 42, 43 
    4375_nova : 
      Char. 0: point(s) 0, 1, 2, 3, 4, 5, 6, 7, 8, 9, 10, 11, 12, 13, 14, 15, 16, 17, 18, 19, 20, 21, 22, 23, 25, 26, 27, 28, 29, 30, 31, 32, 33, 34, 35, 36, 37, 38, 39, 40, 41, 42, 43, 44, 45, 46, 47, 48, 49 
    4376_sp_Coola : 
      Char. 0: point(s) 0, 1, 2, 3, 4, 5, 6, 7, 8, 9, 10, 11, 12, 13, 14, 15, 16, 17, 18, 19, 20, 21, 22, 23, 24, 26, 27, 28, 29, 30, 31, 32, 33, 34, 35, 36, 37, 38, 39, 40, 41, 42, 43, 44, 45, 46, 47, 48, 49 
      Char. 1: point(s) 0, 3, 6 
      Char. 2: point(s) 4, 5, 6, 7, 8, 9, 10, 11, 12, 13, 14, 15, 16, 17, 18, 19, 20, 21, 22, 23, 24, 25, 27, 28, 29, 30, 31, 32, 33, 34, 37, 38, 39, 40, 41, 42, 43, 44, 45, 46, 47, 48, 49 
      Char. 3: point(s) 1, 2, 3, 4, 6, 7, 9, 10, 11, 12, 13, 14, 21, 22, 23, 24, 25, 26, 28, 29, 30, 31, 32, 33, 34 
    4377_sp_MtKaputar : 
      No autapomorphies 
    4378_nova : 
      Char. 0: point(s) 0, 1, 2, 3, 4, 11, 15, 16, 17, 18, 19, 20, 21, 22, 23, 24, 25, 26, 27, 28, 29, 30, 31, 32, 33, 34, 39, 43, 44, 45 
      Char. 1: point(s) 4, 6 
      Char. 2: point(s) 21, 22, 23 
      Char. 3: point(s) 2, 3, 4, 14, 15, 16, 37, 38, 39, 40, 41, 42, 43, 44, 45, 46 
    4379_sp_Coola : 
      Char. 0: point(s) 15, 16, 17, 18, 19, 20, 21, 22, 23, 24, 25, 26, 28, 29, 30, 31, 32, 33, 34 
      Char. 1: point(s) 1, 2, 4, 5 
      Char. 2: point(s) 0, 1, 2, 3, 11, 13, 14, 15, 24, 25, 26, 27, 28, 29, 30, 31, 32, 33, 34, 35, 36 
      Char. 3: point(s) 0, 2, 3, 4, 5, 8, 9, 10, 13, 14, 15, 16, 17, 18, 19, 20, 27, 34, 35, 36, 37, 38, 39, 40, 41, 42, 43, 44, 45, 46, 47, 48, 49 
    4380_sp_MtKaputar : 
      No autapomorphies 
    4381_rich : 
      Char. 0: point(s) 9, 10, 11, 12, 18, 19, 20, 21, 22, 23, 24, 25, 26, 27, 28, 29, 30, 31, 32 
      Char. 1: point(s) 0, 1, 2, 3, 4, 5, 6 
      Char. 2: point(s) 0, 1, 2, 3, 4, 5, 6, 7, 8, 9, 10, 11, 12, 13, 14, 15, 16, 17, 18, 19, 20, 21, 22, 23, 24, 25, 26, 27, 28, 33, 34, 35, 36, 37, 38, 39, 40, 41, 42, 43, 44, 45, 46, 47, 48, 49 
      Char. 3: point(s) 0, 1, 2, 3, 4, 5, 6, 7, 8, 9, 10, 11, 12, 13, 14, 15, 16, 17, 18, 19, 20, 21, 23, 24, 25, 26, 27, 28, 29, 30, 31, 32, 33, 34, 35, 36, 37, 38, 39, 40, 41, 42, 43, 44, 45, 46, 47, 48, 49 
    4382_nova : 
      Char. 1: point(s) 2, 3, 4, 5, 6 
      Char. 2: point(s) 0, 1, 2, 3, 4, 5, 6, 7, 8, 9, 10, 11, 12, 13, 14, 15, 16, 17, 18, 19, 20, 21, 22, 23, 24, 25, 26, 27, 28, 29, 30, 31, 32, 33, 34, 35, 36, 37, 38, 39, 40, 41, 42, 43, 44, 45, 46, 47, 48, 49 
      Char. 3: point(s) 0, 1, 2, 3, 4, 5, 6, 7, 8, 9, 10, 11, 12, 13, 14, 15, 16, 17, 24, 25, 26, 27, 28, 29, 30, 31, 32, 33, 34, 35, 36, 37, 38, 39, 40, 41, 42, 43 
    4383_nova : 
      Char. 0: point(s) 0, 1, 2, 3, 4, 5, 6, 7, 8, 9, 10, 11, 12, 13, 14, 15, 16, 17, 18, 19, 20, 21, 22, 23, 24, 25, 26, 27, 28, 29, 30, 31, 32, 33, 34, 35, 36, 37, 38, 39, 40, 41, 42, 43, 44, 45, 46, 47, 48, 49 
      Char. 1: point(s) 0, 1, 2, 3, 4, 5, 6 
      Char. 2: point(s) 0, 1, 2, 3, 4, 5, 6, 7, 8, 9, 10, 11, 12, 13, 14, 15, 16, 17, 18, 19, 20, 21, 22, 23, 24, 25, 27, 28, 29, 30, 31, 32, 33, 34, 35, 36, 37, 38, 39, 40, 41, 42, 43, 44, 45, 46, 47, 48, 49 
      Char. 3: point(s) 0, 1, 2, 3, 4, 5, 6, 7, 8, 9, 12, 13, 14, 15, 16, 17, 18, 19, 20, 21, 22, 23, 24, 25, 26, 27, 28, 29, 30, 31, 32, 33, 34, 35, 36, 37, 38, 39, 40, 41, 42, 43, 44, 45, 46, 47, 48, 49 
    4384_nova : 
      Char. 1: point(s) 0, 1, 2, 3, 5, 6 
      Char. 2: point(s) 0, 1, 2, 3, 4, 5, 6, 7, 22, 23, 24, 25, 26, 27, 28, 29, 30, 31, 32, 33, 34, 35, 36, 37, 38, 42 
      Char. 3: point(s) 0, 1, 2, 3, 4, 5, 6, 7, 8, 9, 10, 11, 12, 13, 14, 15, 16, 17, 18, 19, 20, 21, 22, 23, 24, 25, 26, 27, 28, 32, 33, 34, 35, 36, 37, 38, 39, 40, 41, 42, 43, 44, 45, 46, 47, 48, 49 
    4385_nova : 
      Char. 0: point(s) 1, 2, 3, 4, 6, 14, 15, 16, 17, 18, 19, 20, 24, 25, 27, 29, 32, 33, 34, 35, 36, 37, 38, 40, 41, 42, 44, 45, 46, 47, 48, 49 
      Char. 1: point(s) 0, 1, 2, 3, 5, 6 
      Char. 2: point(s) 26, 27, 28 
      Char. 3: point(s) 0, 1, 2, 44, 45, 46, 47, 48, 49 
    4387_nova : 
      No autapomorphies 
    4388_nova : 
      Char. 0: point(s) 0, 1, 2, 3, 4, 5, 6, 7, 8, 9, 10, 11, 12, 13, 14, 15, 16, 17, 18, 19, 20, 21, 22, 23, 24, 25, 26, 27, 28, 29, 30, 31, 32, 33, 34, 35, 36, 37, 38, 39, 40, 41, 42, 43, 44, 45, 46, 47, 48, 49 
      Char. 1: point(s) 0, 4 
      Char. 2: point(s) 0, 1, 2, 3, 4, 5, 6, 7, 8, 9, 10, 11, 12, 13, 14, 15, 16, 17, 18, 19, 20, 21, 22, 23, 24, 25, 26, 27, 28, 29, 30, 31, 32, 33, 34, 35, 36, 37, 38, 39, 40, 41, 42, 43, 44, 45, 46, 47, 48, 49 
      Char. 3: point(s) 0, 1, 2, 3, 7, 8, 13, 14, 15, 16, 17, 18, 19, 20, 21, 23, 24, 25, 26, 27, 28, 29, 39, 40, 41, 42, 43, 44, 45, 46, 47, 48, 49 
    4389_nova : 
      Char. 0: point(s) 0, 1, 2, 3, 4, 5, 6, 7, 8, 9, 10, 11, 12, 13, 14, 15, 16, 17, 18, 19, 20, 21, 22, 23, 24, 25, 26, 27, 28, 29, 30, 31, 32, 33, 34, 35, 36, 37, 38, 39, 40, 41, 42, 43, 44, 45, 46, 47, 48, 49 
      Char. 1: point(s) 1, 2, 4, 6 
      Char. 2: point(s) 0, 1, 2, 3, 4, 5, 6, 7, 8, 9, 10, 11, 12, 13, 14, 15, 16, 17, 18, 19, 20, 21, 22, 23, 24, 25, 26, 27, 28, 29, 30, 31, 32, 33, 34, 35, 36, 37, 38, 39, 40, 41, 42, 43, 44, 45, 46, 47, 48, 49 
      Char. 3: point(s) 0, 1, 2, 3, 4, 5, 9, 10, 11, 12, 13, 14, 15, 16, 17, 18, 19, 20, 21, 22, 23, 24, 25, 26, 27, 28, 29, 30, 31, 37, 38, 39, 40, 41, 42, 43, 44, 45, 46, 47, 48, 49 
    4390_nova : 
      No autapomorphies 
    4391_nova : 
      No autapomorphies 
    4392_nova : 
      Char. 0: point(s) 0, 1, 2, 3, 4, 5, 6, 7, 8, 9, 10, 11, 12, 13, 14, 15, 16, 17, 18, 19, 20, 21, 22, 23, 24, 25, 26, 27, 28, 29, 30, 31, 32, 33, 34, 35, 36, 37, 38, 39, 40, 41, 42, 43, 44, 45, 46, 47, 48, 49 
      Char. 1: point(s) 0, 1, 2, 3, 4, 5, 6 
      Char. 2: point(s) 0, 1, 2, 3, 4, 5, 6, 7, 8, 9, 10, 11, 12, 13, 14, 15, 16, 17, 18, 19, 20, 21, 22, 23, 24, 25, 26, 27, 28, 29, 30, 31, 32, 33, 34, 35, 36, 37, 38, 39, 40, 41, 42, 43, 44, 45, 46, 47, 48, 49 
      Char. 3: point(s) 0, 1, 2, 3, 4, 5, 6, 7, 8, 9, 10, 11, 12, 13, 14, 15, 16, 17, 18, 19, 20, 21, 22, 23, 24, 25, 26, 27, 28, 29, 30, 31, 32, 33, 34, 35, 36, 37, 38, 39, 40, 41, 42, 43, 44, 45, 46, 47, 48, 49 
    4393_nova : 
      Char. 1: point(s) 0, 1, 2, 5, 6 
      Char. 2: point(s) 0, 1, 2, 9, 10, 11, 14, 15, 16, 17, 18, 19, 20, 21, 22, 23, 24, 25, 26, 27, 28, 29, 30, 31, 32, 33, 38, 39, 40, 41, 42, 43, 44, 45, 46, 47, 48, 49 
      Char. 3: point(s) 8, 9, 10, 11, 12, 13, 14, 15, 16, 17, 19, 20, 22, 32, 33, 34, 35, 36, 37, 38, 39, 40, 41, 42, 43 
    4394_nova : 
      No autapomorphies 
    4395_nova : 
      Char. 0: point(s) 0, 1, 2, 3, 4, 5, 6, 7, 8, 9, 10, 11, 12, 13, 14, 15, 16, 17, 18, 19, 20, 21, 22, 23, 24, 25, 26, 27, 28, 29, 30, 31, 32, 33, 34, 35, 36, 37, 38, 39, 40, 41, 42, 43, 44, 45, 46, 47, 48, 49 
      Char. 1: point(s) 0, 1, 2, 3, 4, 5, 6 
      Char. 2: point(s) 0, 1, 2, 3, 4, 5, 6, 7, 8, 9, 10, 11, 12, 13, 14, 15, 16, 17, 18, 19, 20, 21, 22, 23, 24, 25, 26, 27, 28, 29, 30, 31, 32, 33, 34, 35, 36, 37, 38, 39, 40, 41, 42, 43, 44, 45, 46, 47, 48, 49 
      Char. 3: point(s) 0, 1, 2, 3, 4, 5, 6, 7, 8, 9, 10, 11, 12, 13, 14, 15, 16, 17, 18, 19, 20, 21, 22, 23, 24, 25, 26, 27, 28, 29, 30, 31, 32, 33, 34, 35, 36, 37, 38, 39, 40, 41, 42, 43, 44, 45, 46, 47, 48, 49 
    4397_nova : 
      Char. 1: point(s) 0, 4, 5, 6 
      Char. 2: point(s) 0, 1, 2, 3, 4, 5, 6, 7, 8, 9, 10, 11, 12, 13, 14, 15, 16, 17, 18, 19, 20, 21, 22, 23, 24, 25, 26, 27, 28 
      Char. 3: point(s) 0, 1, 2, 3, 4, 5, 6, 7, 8, 9, 10, 11, 12, 13, 14, 15, 16, 17, 18, 19, 20, 21, 22, 23, 43, 44, 45, 46, 47, 48, 49 
    4398_nova : 
      No autapomorphies 
    4399_nova : 
      No autapomorphies 
    4400_nova : 
      No autapomorphies 
    4401_nova : 
      No autapomorphies 
    4749_nova : 
      Char. 2: point(s) 0, 1, 2, 3, 4, 5, 6, 7, 8, 9, 10, 11, 12, 13, 14, 15, 16, 17, 18, 19, 20, 21, 22, 23, 24, 25, 26, 27, 28, 29, 30, 31, 32, 33, 34, 35, 36, 37, 38, 39, 40, 41, 42, 43, 44, 45, 46, 47, 48, 49 
      Char. 3: point(s) 7 
    4750_nova : 
      Char. 1: point(s) 1, 3, 4 
      Char. 2: point(s) 0, 1, 2, 3, 4, 5, 6, 7, 8, 9, 10, 11, 12, 13, 14, 15, 16, 17, 18, 19, 20, 21, 22, 23, 24, 25, 26, 27, 28, 29, 30, 31, 32, 33, 34, 35, 36, 37, 38, 39, 40, 41, 42, 43, 44, 45, 46, 47, 48, 49 
      Char. 3: point(s) 0, 1, 2, 3, 4, 5, 6, 7, 8, 9, 10, 11, 12, 13, 14, 15, 16, 17, 18, 19, 20, 21, 22, 23, 24, 25, 26, 27, 28, 29, 30, 31, 32, 33, 34, 35, 36, 37, 38, 39, 40, 41, 42, 43, 44, 45, 46, 47, 48, 49 
    4751_nova : 
      No autapomorphies 
    4752_nova : 
      Char. 0: point(s) 0, 1, 2, 3, 4, 5, 6, 7, 8, 9, 10, 11, 12, 13, 14, 15, 16, 17, 18, 19, 20, 21, 22, 23, 24, 25, 26, 27, 28, 29, 30, 31, 32, 33, 34, 35, 36, 37, 38, 39, 40, 41, 42, 43, 44, 45, 46, 47, 48, 49 
      Char. 1: point(s) 0, 1, 2, 3, 4, 5, 6 
      Char. 2: point(s) 0, 1, 2, 3, 4, 5, 6, 7, 8, 9, 10, 11, 12, 13, 14, 15, 16, 17, 18, 19, 20, 21, 22, 23, 24, 25, 26, 27, 28, 29, 30, 31, 32, 33, 34, 35, 36, 37, 38, 39, 40, 41, 42, 43, 44, 45, 46, 47, 48, 49 
      Char. 3: point(s) 0, 1, 2, 3, 4, 5, 6, 7, 8, 9, 10, 11, 12, 13, 14, 15, 16, 17, 18, 19, 20, 21, 22, 23, 24, 25, 26, 27, 28, 29, 30, 31, 32, 33, 34, 35, 36, 37, 38, 43, 44, 45, 46, 47, 48, 49 
    4753_nova : 
      Char. 0: point(s) 0, 1, 2, 3, 4, 5, 6, 7, 8, 9, 10, 11, 12, 13, 14, 15, 16, 17, 18, 19, 20, 21, 22, 23, 24, 25, 26, 27, 28, 29, 30, 31, 32, 33, 34, 35, 36, 37, 38, 39, 40, 41, 42, 43, 44, 45, 46, 47, 48, 49 
    4754_nova : 
      Char. 0: point(s) 0, 1, 2, 3, 4, 5, 6, 7, 8, 9, 10, 11, 12, 13, 14, 15, 16, 17, 18, 19, 20, 21, 22, 23, 24, 25, 26, 27, 28, 29, 30, 31, 32, 33, 34, 35, 36, 37, 38, 39, 40, 41, 42, 43, 44, 45, 46, 47, 48, 49 
    4755_nova : 
      No autapomorphies 
    4756_nova : 
      No autapomorphies 
    4827_nova : 
      Char. 0: point(s) 0, 1, 5, 6, 8, 12, 13, 14, 16, 17, 18, 19, 20, 21, 22, 23, 24, 25, 26, 27, 28, 29, 30, 31, 32, 45, 46, 49 
      Char. 1: point(s) 0, 4 
      Char. 2: point(s) 16, 19, 33, 34, 35, 36, 37, 38, 39, 42, 43, 44, 45, 46, 47, 48, 49 
      Char. 3: point(s) 37 
    4828_nova : 
      Char. 0: point(s) 0, 1, 2, 3, 4, 5, 6, 7, 8, 9, 10, 11, 12, 13, 14, 15, 16, 17, 18, 19, 20, 21, 22, 23, 24, 26, 27, 28, 29, 30, 31, 32, 33, 34, 35, 36, 37, 38, 39, 40, 41, 42, 43, 44, 45, 46, 47, 48, 49 
      Char. 1: point(s) 0, 2, 4, 5, 6 
      Char. 2: point(s) 0, 16, 17, 18, 20, 21, 22, 23, 24, 25, 26, 29, 30, 31, 32, 33, 34, 35, 36, 37, 38, 39, 40, 41, 45, 46, 47, 48, 49 
      Char. 3: point(s) 0, 1, 2, 3, 4, 5, 6, 7, 8, 9, 10, 12, 13, 14, 15, 16, 17, 18, 19, 20, 21, 22, 23, 24, 25, 31, 32, 35, 36, 37, 38, 39, 40, 41, 42, 43, 44, 45, 46, 47, 48, 49 
    4829_nova : 
      Char. 0: point(s) 0, 1, 2, 3, 4, 5, 6, 7, 8, 9, 10, 11, 12, 13, 14, 15, 16, 17, 18, 19, 20, 21, 22, 23, 24, 25, 26, 27, 28, 29, 30, 31, 32, 33, 34, 35, 36, 37, 38, 39, 40, 41, 42, 43, 44, 45, 46, 47, 48, 49 
      Char. 1: point(s) 0, 1, 3, 4, 5, 6 
      Char. 2: point(s) 0, 1, 2, 3, 4, 5, 6, 7, 8, 9, 10, 11, 12, 13, 14, 15, 17, 18, 19, 20, 21, 22, 23, 24, 27, 28, 29, 30, 31, 32, 33, 40, 41, 42, 43, 44 
      Char. 3: point(s) 0, 1, 2, 3, 4, 5, 6, 7, 8, 11, 13, 14, 15, 16, 17, 18, 19, 20, 21, 22, 23, 24, 25, 26, 27, 28, 29, 30, 31, 32, 33, 34, 37, 38, 39, 40, 41, 42, 43, 44, 45, 46, 47, 48, 49 
    4853_sp_MtKaputar : 
      No autapomorphies 
    4854_sp_MtKaputar : 
      No autapomorphies 
    4855_nova : 
      Char. 2: point(s) 24, 25, 28, 38, 39 
      Char. 3: point(s) 7, 34 
    4856_nova : 
      Char. 0: point(s) 15, 28, 38 
      Char. 2: point(s) 24, 25, 28, 35, 38, 39, 44 
      Char. 3: point(s) 34 
    4857_nova : 
      Char. 2: point(s) 0, 1, 2, 3, 4, 5, 6, 7, 8, 9, 10, 11, 12, 13, 14, 15, 16, 17, 18, 19, 20, 21, 22, 23, 24, 25, 26, 27, 28, 29, 30, 31, 32, 33, 34, 35, 36, 37, 38, 39, 40, 41, 42, 43, 44, 45, 46, 47, 48, 49 
      Char. 3: point(s) 7 
    4858_nova : 
      Char. 0: point(s) 15, 28, 38 
      Char. 2: point(s) 24, 25, 28, 35, 38, 39, 44 
      Char. 3: point(s) 34 
    4859_nova : 
      Char. 0: point(s) 0, 1, 2, 3, 4, 7, 9, 10, 11, 12, 13, 15, 24, 33, 34, 35, 36, 37, 38, 39, 40, 41, 42, 43, 44, 47, 48 
      Char. 1: point(s) 1, 2, 3, 4, 5, 6 
      Char. 2: point(s) 0, 1, 2, 3, 4, 5, 6, 7, 8, 9, 10, 11, 12, 13, 14, 15, 16, 17, 18, 19, 20, 21, 22, 23, 24, 25, 26, 27, 28, 29, 30, 31, 32, 33, 34, 35, 36, 37, 38, 39, 40, 41, 42, 43, 44, 45, 46, 47, 48, 49 
      Char. 3: point(s) 0, 1, 2, 3, 4, 5, 6, 7, 8, 9, 10, 11, 12, 13, 14, 15, 16, 17, 18, 19, 20, 21, 22, 23, 24, 25, 26, 27, 28, 29, 30, 31, 32, 33, 34, 35, 36, 37, 38, 39, 40, 41, 42, 43, 44, 45, 46, 47, 48, 49 
    4860_nova : 
      Char. 0: point(s) 0, 1, 2, 3, 4, 5, 6, 7, 8, 9, 10, 11, 12, 13, 14, 15, 16, 17, 18, 19, 20, 21, 22, 23, 24, 25, 26, 27, 28, 29, 30, 31, 32, 33, 34, 35, 36, 37, 38, 39, 40, 41, 42, 43, 44, 45, 46, 47, 48, 49 
      Char. 1: point(s) 0, 1, 2, 3, 4, 5, 6 
      Char. 2: point(s) 0, 1, 2, 3, 4, 5, 6, 7, 8, 9, 10, 11, 12, 13, 14, 15, 16, 17, 18, 19, 20, 21, 22, 23, 24, 25, 26, 27, 28, 29, 30, 31, 32, 33, 34, 35, 36, 37, 38, 39, 40, 41, 42, 43, 44, 45, 46, 47, 48, 49 
      Char. 3: point(s) 0, 1, 2, 3, 4, 5, 6, 7, 8, 9, 10, 11, 12, 13, 14, 15, 16, 17, 18, 19, 20, 21, 22, 23, 24, 25, 26, 27, 28, 29, 30, 31, 32, 33, 34, 35, 36, 37, 38, 39, 40, 41, 42, 43, 44, 45, 46, 47, 48, 49 
    4861_nova : 
      Char. 0: point(s) 0, 1, 2, 3, 4, 5, 6, 7, 8, 9, 10, 11, 12, 13, 14, 15, 16, 17, 18, 19, 20, 21, 22, 23, 24, 25, 26, 27, 28, 29, 30, 31, 32, 33, 34, 35, 36, 37, 38, 39, 40, 41, 42, 43, 44, 45, 46, 47, 48, 49 
      Char. 1: point(s) 0, 1, 2, 3, 4, 5, 6 
      Char. 2: point(s) 0, 1, 2, 3, 4, 5, 6, 7, 8, 16, 17, 18, 19, 20, 21, 22, 23, 24, 25, 26, 27, 28, 29, 30, 36, 37, 38, 39, 40, 41, 42, 43, 44, 45, 46, 47, 48, 49 
      Char. 3: point(s) 0, 2, 3, 4, 6, 7, 8, 9, 10, 11, 12, 13, 14, 15, 16, 17, 18, 19, 20, 21, 22, 23, 24, 25, 28, 29, 30, 31, 32, 33, 34, 35, 36, 37, 38, 39, 40, 41, 42, 43, 44, 45, 46 
    4862_nova : 
      Char. 0: point(s) 0, 4, 5, 6, 7, 8, 9, 10, 16, 17, 18, 19, 21, 22, 28, 30, 38, 39, 40, 41, 42, 43, 44, 45, 46, 47, 48, 49 
      Char. 1: point(s) 3, 4, 5 
      Char. 2: point(s) 3, 5, 9, 10, 11, 12, 13, 14, 15, 16, 19, 21, 26, 30, 31, 32, 33, 34, 35, 48, 49 
      Char. 3: point(s) 0, 1, 2, 3, 4, 5, 6, 7, 9, 19, 26, 27, 33, 34, 35, 42, 47, 48, 49 
    4863_nova : 
      Char. 1: point(s) 0, 1, 2, 3, 4, 5, 6 
      Char. 2: point(s) 0, 1, 2, 3, 4, 5, 6, 7, 8, 9, 10, 11, 12, 13, 14, 15, 16, 17, 18, 19, 20, 21, 22, 23, 24, 25, 26, 27, 28, 29, 30, 31, 32, 33, 34, 35, 36, 37, 38, 39, 40, 41, 42, 43, 44, 45, 46, 47, 48, 49 
      Char. 3: point(s) 0, 1, 2, 3, 4, 5, 6, 7, 8, 9, 10, 11, 12, 13, 14, 15, 16, 17, 18, 19, 20, 21, 22, 23, 24, 25, 26, 27, 28, 29, 30, 31, 32, 33, 34, 35, 36, 37, 38, 39, 40, 47, 48, 49 
    4864_nova : 
      Char. 0: point(s) 0, 4, 5, 6, 7, 8, 9, 10, 15, 16, 17, 18, 19, 20, 21, 22, 23, 24, 25, 26, 27, 28, 29, 30, 31, 32, 37, 38, 39, 40, 41, 42, 43, 44, 45, 46, 47, 48, 49 
      Char. 1: point(s) 0, 1, 2, 3, 4, 5, 6 
      Char. 2: point(s) 0, 1, 2, 3, 4, 5, 6, 7, 8, 9, 10, 11, 12, 13, 14, 15, 16, 17, 18, 19, 20, 21, 22, 23, 24, 25, 26, 27, 28, 29, 30, 31, 32, 33, 34, 35, 36, 37, 38, 39, 40, 41, 42, 43, 44, 45, 46, 47, 48, 49 
      Char. 3: point(s) 0, 1, 2, 3, 4, 5, 6, 7, 8, 9, 10, 11, 12, 13, 14, 15, 16, 17, 18, 19, 21, 22, 23, 24, 25, 26, 27, 28, 29, 30, 31, 32, 33, 34, 35, 36, 37, 38, 39, 40, 41, 42, 47, 48, 49 
    4868_sp_MtKaputar : 
      Char. 0: point(s) 16, 29 
      Char. 1: point(s) 0, 1, 2, 3, 4, 5, 6 
      Char. 2: point(s) 0, 1, 2, 3, 4, 5, 6, 7, 8, 9, 10, 11, 12, 13, 14, 15, 16, 17, 18, 19, 20, 21, 22, 23, 24, 25, 26, 27, 28, 29, 30, 31, 32, 33, 34, 35, 36, 37, 38, 39, 40, 41, 42, 43, 44, 45, 46, 47, 48, 49 
      Char. 3: point(s) 0, 1, 2, 3, 4, 5, 6, 7, 8, 9, 10, 11, 12, 13, 14, 15, 16, 17, 18, 19, 20, 21, 22, 23, 24, 25, 26, 27, 28, 29, 30, 31, 32, 33, 34, 35, 36, 37, 38, 39, 40, 41, 42, 43, 44, 45, 46, 47, 48, 49 
    4872_darl : 
      Char. 0: point(s) 0, 1, 2, 3, 4, 5, 6, 7, 8, 9, 10, 11, 12, 13, 14, 15, 16, 17, 18, 19, 20, 21, 22, 23, 24, 25, 26, 27, 28, 29, 30, 31, 32, 33, 34, 35, 36, 37, 38, 39, 40, 41, 42, 43, 44, 45, 46, 47, 48, 49 
      Char. 1: point(s) 0 
      Char. 2: point(s) 7, 8, 21, 22, 23, 25, 26, 27, 28, 29, 30, 31, 32 
      Char. 3: point(s) 19, 20, 21, 22, 23, 24, 25, 26, 27, 28, 29, 44, 45, 46, 47, 48, 49 
    4873_darl : 
      Char. 0: point(s) 0, 1, 2, 3, 4, 5, 6, 7, 8, 9, 10, 11, 12, 13, 14, 15, 16, 17, 18, 19, 20, 21, 22, 23, 24, 25, 26, 27, 28, 29, 30, 31, 32, 33, 34, 35, 36, 37, 38, 39, 40, 41, 42, 43, 44, 45, 46, 47, 48, 49 
    4874_darl : 
      Char. 0: point(s) 0, 1, 2, 3, 4, 5, 6, 7, 8, 9, 10, 11, 14, 15, 16, 17, 18, 19, 20, 21, 22, 23, 24, 26, 27, 28, 29, 30, 31, 32, 33, 34, 35, 36, 37, 38, 39, 40, 41, 42, 43, 44, 45, 46, 47, 48, 49 
      Char. 1: point(s) 1, 2, 3, 4, 5, 6 
      Char. 2: point(s) 0, 1, 2, 3, 4, 5, 6, 9, 10, 11, 12, 13, 14, 15, 16, 17, 18, 19, 20, 21, 22, 23, 24, 25, 26, 27, 32, 33, 34, 35, 36, 37, 38, 39, 40, 41, 42, 43, 44, 45, 46, 47, 48, 49 
      Char. 3: point(s) 0, 1, 2, 3, 4, 5, 6, 7, 8, 9, 10, 11, 12, 13, 14, 15, 16, 17, 18, 19, 20, 21, 22, 23, 24, 25, 26, 27, 30, 31, 32, 33, 34, 35, 36, 37, 38, 39, 40, 41, 42, 43, 44, 45, 46, 47 
    4876_rich : 
      Char. 0: point(s) 0, 1, 2, 3, 4, 5, 6, 7, 8, 9, 10, 11, 12, 13, 14, 15, 16, 17, 18, 19, 20, 21, 22, 23, 24, 37, 38, 39, 47, 48, 49 
      Char. 1: point(s) 0, 1, 2, 3, 4, 5, 6 
      Char. 2: point(s) 0, 1, 2, 3, 4, 5, 6, 7, 8, 9, 10, 11, 12, 13, 14, 15, 16, 17, 18, 19, 20, 21, 22, 23, 24, 25, 26, 27, 28, 29, 30, 31, 32, 33, 34, 35, 36, 37, 38, 39, 40, 41, 42, 43, 44, 45, 46, 47, 48, 49 
      Char. 3: point(s) 0, 1, 2, 3, 4, 5, 6, 7, 8, 9, 10, 11, 12, 13, 14, 15, 16, 17, 18, 19, 20, 21, 22, 23, 24, 25, 26, 27, 28, 29, 30, 31, 32, 33, 34, 35, 36, 37, 38, 39, 40, 41, 42, 43, 44, 45, 46, 47, 48, 49 
    4880_nova : 
      Char. 0: point(s) 0, 8, 9, 10, 11, 16, 17, 18, 20, 21, 22, 23, 24, 25, 26, 28, 30, 36, 37, 38, 39, 40, 42, 43, 44 
      Char. 1: point(s) 0, 2, 4, 5, 6 
      Char. 2: point(s) 0, 1, 2, 3, 4, 5, 6, 7, 10, 11, 12, 13, 14, 15, 16, 17, 18, 19, 20, 21, 22, 23, 24, 26, 27, 28, 29, 30, 31, 32, 33, 34, 35, 36, 37, 38, 39, 40, 41, 42, 43, 44, 45, 46, 47, 48, 49 
      Char. 3: point(s) 0, 1, 2, 5, 9, 10, 11, 12, 13, 14, 32, 35, 36, 37, 38, 39, 40, 41, 42 
    4881_nova : 
      Char. 0: point(s) 0, 1, 2, 3, 4, 5, 6, 7, 8, 9, 10, 11, 12, 13, 14, 15, 16, 17, 18, 19, 20, 21, 22, 23, 24, 25, 26, 27, 28, 29, 30, 31, 32, 33, 34, 35, 36, 37, 38, 39, 40, 41, 42, 43, 44, 45, 46, 47, 48, 49 
      Char. 1: point(s) 0, 1, 3, 4, 6 
      Char. 2: point(s) 0, 1, 2, 3, 4, 5, 6, 7, 8, 9, 10, 11, 12, 13, 14, 15, 16, 17, 18, 19, 20, 22, 23, 24, 25, 26, 27, 28, 29, 30, 31, 32, 33, 35, 36, 37, 38, 39, 40, 41, 42, 43, 44, 45, 46, 47, 48, 49 
      Char. 3: point(s) 5, 6, 7, 14, 15, 16, 17, 18, 19, 20, 21, 22, 23, 24, 25, 32, 33, 34, 35, 36, 37, 38, 39, 40, 41, 42, 43, 44, 45, 46, 47, 48, 49 
    4884_nova : 
      Char. 0: point(s) 23, 24 
      Char. 1: point(s) 0, 1, 2, 5, 6 
      Char. 2: point(s) 0, 1, 2, 3, 4, 5, 6, 7, 8, 9, 10, 11, 12, 13, 14, 15, 16, 17, 18, 19, 20, 21, 22, 31, 32, 33, 34, 35, 36, 37, 40, 49 
      Char. 3: point(s) 0, 1, 2, 3, 4, 5, 6, 7, 8, 9, 10, 11, 12, 13, 14, 15, 16, 17, 18, 19, 20, 21, 22, 23, 24, 25, 26, 27, 28, 29, 30, 31, 32, 33, 34, 35, 36, 37, 38, 39, 40, 41, 42, 43, 44, 45, 46, 47, 48, 49 
    4886_rich : 
      Char. 0: point(s) 0, 1, 2, 3, 4, 5, 6, 7, 8, 9, 10, 11, 12, 13, 14, 15, 16, 17, 18, 19, 20, 21, 22, 23, 24, 25, 26, 27, 28, 29, 30, 31, 32, 33, 34, 35, 36, 37, 38, 39, 40, 41, 42, 43, 44, 45, 46, 47, 48, 49 
   Node 74 : 
      Char. 1: point(s) 0, 3, 4, 6 
      Char. 2: point(s) 3, 4, 5, 6, 7, 8, 12, 13, 24, 25, 26, 27, 28, 29, 30, 31, 32, 33, 34, 35, 36, 37 
      Char. 3: point(s) 0, 1, 2, 3, 4, 5, 6, 7, 18, 21, 23, 24, 25, 26, 27, 28, 29, 30, 31, 44, 45, 46, 47, 48, 49 
   Node 75 : 
      Char. 1: point(s) 0, 2, 3, 5, 6 
      Char. 2: point(s) 24, 25, 26, 27, 28, 29, 30, 31, 32, 33, 34, 35 
      Char. 3: point(s) 0, 1, 2, 3, 4, 5, 6, 11, 12, 13, 14, 15, 36 
   Node 76 : 
      Char. 1: point(s) 0, 2, 3, 5, 6 
      Char. 2: point(s) 24, 25, 26, 27, 28, 29, 30, 31, 32, 33, 34, 35 
      Char. 3: point(s) 0, 1, 2, 3, 4, 5, 6, 11, 12, 13, 14, 15, 36 
   Node 77 : 
      Char. 0: point(s) 1, 2, 3, 6, 11, 12, 13, 14, 17, 18, 19, 20, 21, 22, 23, 29, 31, 32, 33, 34, 35, 36, 37, 38, 45, 46 
      Char. 1: point(s) 2, 5 
      Char. 2: point(s) 0, 1, 2, 3, 4, 5, 6, 7, 8, 9, 10, 11, 12, 13, 14, 15, 16, 17, 18, 19, 20, 21, 22, 23, 24, 25, 26, 27, 40, 41, 48, 49 
      Char. 3: point(s) 0, 1, 2, 3, 5, 11, 12, 13, 14, 15, 18, 19, 20, 21, 22, 23, 24, 25, 26, 27, 28, 29, 34, 35, 36, 37, 38, 39, 40, 41, 42, 43, 44, 45, 46, 47, 48, 49 
   Node 78 : 
      Char. 0: point(s) 4, 5, 7, 8, 9, 10, 15, 16, 41, 47, 48, 49 
      Char. 1: point(s) 0, 5, 6 
      Char. 2: point(s) 30 
      Char. 3: point(s) 1, 36, 48, 49 
   Node 79 : 
      Char. 1: point(s) 5 
      Char. 3: point(s) 0, 15, 16, 17, 18, 19, 22 
   Node 80 : 
      Char. 0: point(s) 12, 13, 14, 15, 16, 25, 37 
      Char. 2: point(s) 17, 20, 21, 37 
      Char. 3: point(s) 0, 1, 9, 10, 22, 23, 27, 28 
   Node 81 : 
      Char. 0: point(s) 15, 24, 35, 36, 37, 38, 39, 40, 41, 42, 43, 44, 45, 46 
      Char. 1: point(s) 0, 1, 4, 6 
      Char. 2: point(s) 27 
      Char. 3: point(s) 37, 38, 39 
   Node 82 : 
      Char. 0: point(s) 15, 35 
      Char. 1: point(s) 1, 2, 3, 5 
      Char. 2: point(s) 12, 13, 14, 15, 16, 17, 30, 31, 32, 48, 49 
      Char. 3: point(s) 0, 1, 2, 3, 4, 5, 6, 7, 8, 9, 10, 11, 12, 15, 16, 17, 18, 19, 20, 21, 22, 23, 24, 25, 26, 27, 28, 29, 30, 31, 32, 33, 34, 41, 42, 43, 44, 45, 46, 47, 48, 49 
   Node 83 : 
      Char. 0: point(s) 22, 23, 25 
   Node 84 : 
      Char. 0: point(s) 22, 23, 25 
   Node 85 : 
      Char. 0: point(s) 20, 21, 22, 24, 25, 29, 30, 32, 33 
      Char. 1: point(s) 0, 2, 3, 4, 5 
      Char. 2: point(s) 1, 2, 3, 4, 15, 16, 17, 21, 22, 23, 24, 25, 28, 29, 30, 31, 32, 38, 39, 40, 44, 45, 46, 47, 48, 49 
      Char. 3: point(s) 4, 5, 6, 7, 8, 9, 10, 11, 12, 13, 14, 15, 16, 17, 18, 19, 20, 21, 22, 23, 24, 25, 26, 29, 30, 31, 32, 33, 34, 35, 36, 37, 38, 39, 40, 41, 42, 43, 44, 45, 46, 47, 48, 49 
   Node 86 : 
      Char. 0: point(s) 0, 1, 2, 3, 4, 5, 6, 7, 8, 9, 10, 11, 12, 13, 14, 15, 16, 17, 18, 19, 20, 21, 22, 25, 26, 27, 28, 29, 30, 31, 32, 33, 34, 35, 36, 37, 38, 39, 40, 41, 42, 43, 44, 45, 46, 47, 48, 49 
      Char. 3: point(s) 11, 12, 44, 45, 46, 47, 48, 49 
   Node 87 : 
      Char. 0: point(s) 0, 1, 2, 3, 4, 5, 6, 7, 8, 9, 10, 11, 12, 13, 14, 15, 16, 17, 18, 19, 20, 21, 22, 23, 24, 25, 26, 27, 28, 29, 30, 31, 32, 33, 34, 35, 36, 37, 38, 39, 40, 41, 42, 43, 44, 45, 46, 47, 48, 49 
      Char. 3: point(s) 11, 12, 44, 45, 46, 47, 48, 49 
   Node 88 : 
      Char. 0: point(s) 0, 1, 2, 3, 4, 5, 6, 7, 8, 9, 10, 11, 12, 13, 14, 15, 16, 17, 18, 19, 20, 21, 22, 23, 24, 26, 28, 29, 30, 31, 32, 33, 34, 35, 36, 37, 38, 39, 40, 41, 42, 43, 44, 45, 46, 47, 48, 49 
      Char. 1: point(s) 0, 1, 2, 3, 4, 5, 6 
      Char. 2: point(s) 0, 1, 2, 3, 4, 5, 6, 7, 8, 9, 10, 11, 12, 13, 14, 15, 16, 17, 18, 19, 20, 21, 22, 23, 24, 25, 26, 27, 28, 29, 30, 31, 32, 33, 34, 35, 36, 37, 38, 39, 40, 41, 42, 43, 44, 45, 46, 47, 48, 49 
      Char. 3: point(s) 0, 1, 2, 3, 4, 5, 6, 7, 8, 9, 10, 11, 12, 13, 14, 15, 16, 17, 18, 19, 20, 21, 22, 23, 24, 25, 26, 27, 28, 29, 30, 31, 32, 33, 34, 35, 36, 37, 38, 39, 40, 41, 42, 43, 44, 45, 46, 47, 48, 49 
   Node 89 : 
      Char. 0: point(s) 0, 1, 2, 3, 4, 5, 6, 7, 8, 9, 10, 11, 12, 13, 14, 15, 16, 17, 18, 19, 20, 21, 22, 23, 24, 25, 26, 27, 28, 29, 30, 31, 32, 33, 34, 35, 36, 37, 38, 39, 40, 41, 42, 43, 44, 45, 46, 47, 48, 49 
      Char. 1: point(s) 1 
      Char. 2: point(s) 7, 8, 14, 17, 18, 19, 20, 25, 26, 27, 34, 37, 41, 47 
      Char. 3: point(s) 14, 29, 30, 36, 37, 38, 39, 40 
   Node 90 : 
      Char. 0: point(s) 0, 1, 2, 3, 4, 5, 6, 7, 8, 9, 10, 11, 12, 13, 14, 15, 16, 17, 18, 19, 20, 21, 22, 23, 24, 25, 26, 27, 28, 29, 30, 31, 32, 33, 34, 35, 36, 37, 38, 39, 40, 41, 42, 43, 44, 45, 46, 47, 48, 49 
      Char. 1: point(s) 1 
      Char. 2: point(s) 14, 22, 29, 35 
      Char. 3: point(s) 0, 1, 2, 4, 11 
   Node 91 : 
      No synapomorphies 
   Node 92 : 
      No synapomorphies 
   Node 93 : 
      Char. 0: point(s) 1, 2, 3, 11, 12, 13, 14, 15, 27, 29, 31, 32, 33, 34, 35, 36, 37 
      Char. 1: point(s) 4 
      Char. 2: point(s) 0, 1, 2, 4, 18, 29 
      Char. 3: point(s) 20, 36, 43, 44, 45, 46 
   Node 94 : 
      Char. 0: point(s) 22, 23, 24, 25, 26, 29 
      Char. 1: point(s) 0, 1, 2, 4 
      Char. 2: point(s) 0, 1, 2, 3, 4, 28, 29 
      Char. 3: point(s) 16, 20, 36, 37, 38, 39, 47 
   Node 95 : 
      Char. 0: point(s) 22, 33 
      Char. 2: point(s) 0, 1, 2, 4, 6, 7, 12, 13, 14, 15, 16, 17, 18, 22, 23, 24, 25, 28, 29, 30, 32, 33, 34, 35, 36, 37, 38, 39, 40, 41, 42, 43, 44, 45, 46, 47, 48, 49 
      Char. 3: point(s) 0, 2, 3, 6, 8, 9, 10, 11, 12, 13, 14, 15, 16, 22, 23, 24, 25, 26, 27, 28, 29, 30, 31, 32, 33, 34, 35, 39, 45, 46, 47, 48, 49 
   Node 96 : 
      Char. 0: point(s) 0, 1, 2, 3, 4, 5, 6, 7, 8, 9, 10, 11, 12, 13, 14, 15, 16, 17, 18, 19, 20, 21, 22, 23, 24, 25, 26, 27, 28, 29, 30, 31, 32, 34, 35, 36, 37, 38, 39, 40, 41, 42, 43, 44, 45, 46, 48, 49 
      Char. 1: point(s) 1, 2, 4, 5, 6 
      Char. 2: point(s) 13, 17, 23, 24, 25, 30, 31, 35, 36, 38, 40, 42 
      Char. 3: point(s) 0, 1, 2, 3, 4, 5, 12, 13, 14, 15, 23, 32, 33, 34 
   Node 97 : 
      Char. 0: point(s) 1, 2, 3, 5, 6, 7, 8, 9, 10, 11, 20, 26, 27, 28, 29, 30, 31, 32, 33, 34, 35, 36, 37, 39, 43, 47 
      Char. 1: point(s) 0, 1, 2, 3, 4, 5 
      Char. 2: point(s) 0, 1, 2, 3, 4, 5, 6, 7, 8, 9, 10, 11, 12, 13, 14, 15, 16, 18, 19, 20, 21, 22, 23, 24, 25, 26, 36, 39, 42, 43, 44, 45, 46, 47, 48, 49 
      Char. 3: point(s) 0, 1, 2, 3, 4, 5, 6, 7, 8, 9, 10, 11, 12, 13, 14, 15, 16, 17, 18, 19, 20, 21, 23, 24, 25, 26, 29, 30, 31, 32, 33, 34, 35, 36, 37, 38, 39, 40, 41, 44, 45, 46, 47, 48, 49 
   Node 98 : 
      Char. 0: point(s) 1, 2, 3, 5, 6, 7, 8, 9, 10, 11, 20, 26, 27, 28, 29, 30, 31, 32, 33, 34, 35, 36, 37, 39, 43, 47 
      Char. 1: point(s) 0, 1, 2, 3, 4, 5 
      Char. 2: point(s) 0, 1, 2, 3, 4, 5, 6, 7, 8, 9, 10, 11, 12, 13, 14, 15, 16, 18, 19, 20, 21, 22, 23, 24, 25, 26, 36, 39, 42, 43, 44, 45, 46, 47, 48, 49 
      Char. 3: point(s) 0, 1, 2, 3, 4, 5, 6, 7, 8, 9, 10, 11, 12, 13, 14, 15, 16, 17, 18, 19, 20, 21, 23, 24, 25, 26, 29, 30, 31, 32, 33, 34, 35, 36, 37, 38, 39, 40, 41, 44, 45, 46, 47, 48, 49 
   Node 99 : 
      Char. 0: point(s) 0, 1, 2, 3, 4, 5, 6, 7, 8, 9, 10, 11, 12, 13, 14, 15, 16, 17, 18, 19, 20, 21, 22, 23, 24, 25, 26, 27, 28, 29, 30, 31, 32, 33, 34, 35, 36, 37, 38, 39, 40, 41, 42, 43, 44, 45, 46, 47, 48, 49 
      Char. 1: point(s) 4 
      Char. 2: point(s) 27, 28, 29 
      Char. 3: point(s) 9, 10, 11, 12, 13, 14, 15, 16, 17, 18, 19, 20, 21, 22, 23, 24, 35, 36, 37, 38, 39, 40, 41, 42, 43, 44, 45, 46, 47, 48, 49 
   Node 100 : 
      Char. 0: point(s) 0, 1, 2, 3, 4, 5, 6, 7, 8, 9, 10, 11, 12, 13, 14, 15, 16, 17, 18, 19, 20, 21, 22, 23, 25, 26, 27, 28, 29, 30, 31, 32, 33, 34, 35, 36, 37, 38, 39, 40, 41, 42, 43, 44, 45, 46, 47, 48, 49 
      Char. 1: point(s) 0, 1, 2, 3, 4, 6 
      Char. 2: point(s) 0, 1, 2, 3, 4, 5, 6, 7, 8, 9, 10, 11, 12, 13, 14, 15, 16, 18, 19, 20, 21, 22, 23, 24, 25, 26, 27, 28, 29, 30, 31, 32, 33, 34, 35, 36, 37, 38, 39, 40, 41, 42, 43, 44, 45, 46, 47, 48, 49 
      Char. 3: point(s) 0, 1, 2, 3, 4, 6, 7, 8, 9, 10, 11, 12, 13, 14, 15, 16, 17, 18, 19, 20, 21, 22, 23, 24, 25, 26, 28, 30, 31, 32, 33, 34, 35, 36, 37, 38, 39, 40, 41, 42, 43, 44, 45, 46, 47, 48, 49 
   Node 101 : 
      Char. 0: point(s) 25 
      Char. 1: point(s) 0, 1, 2, 3, 4, 5, 6 
      Char. 2: point(s) 0, 1, 2, 3, 4, 5, 6, 7, 8, 9, 10, 11, 12, 13, 14, 15, 16, 17, 18, 19, 20, 21, 22, 23, 24, 25, 26, 27, 28, 29, 30, 31, 32, 33, 34, 35, 36, 37, 38, 39, 40, 41, 42, 43, 44, 45, 46, 47, 48, 49 
      Char. 3: point(s) 0, 1, 2, 3, 4, 5, 6, 7, 8, 9, 10, 11, 17, 18, 19, 20, 21, 22, 23, 24, 25, 26, 27, 28, 29, 30, 31, 32, 33, 34, 35, 44, 45, 46, 47, 48, 49 
   Node 102 : 
      Char. 0: point(s) 0, 1, 2, 3, 4, 11, 15, 16, 17, 18, 19, 20, 21, 22, 23, 24, 25, 26, 27, 28, 29, 30, 31, 32, 33, 34, 39, 43, 44, 45 
      Char. 1: point(s) 2, 5, 6 
      Char. 2: point(s) 0, 1, 2, 3, 4, 5, 6, 7, 8, 9, 10, 11, 12, 15, 16, 17, 18, 19, 20, 21, 22, 23, 28, 29, 33, 34, 35, 36, 37, 38, 39, 40, 41, 42, 43, 44, 45, 46, 47, 48 
      Char. 3: point(s) 2, 3, 4, 5, 13, 14, 15, 16, 17, 21, 27, 29, 32, 33, 34, 35, 36, 40, 42, 43, 44 
   Node 103 : 
      No synapomorphies 
   Node 104 : 
      Char. 0: point(s) 0, 1, 2, 3, 4, 5, 6, 7, 8, 9, 10, 11, 12, 13, 14, 15, 16, 17, 18, 19, 20, 21, 22, 23, 24, 25, 26, 27, 28, 29, 30, 31, 32, 33, 34, 35, 36, 37, 38, 39, 40, 41, 42, 43, 44, 45, 46, 47, 48, 49 
      Char. 1: point(s) 0, 1, 2, 3, 4, 5, 6 
      Char. 2: point(s) 0, 1, 2, 3, 4, 5, 6, 7, 8, 9, 10, 11, 12, 13, 14, 15, 16, 17, 18, 19, 20, 21, 22, 29, 30, 31, 32, 33, 34, 35, 36, 37, 38, 39, 40, 41, 42, 43, 44, 45, 46, 47, 48, 49 
      Char. 3: point(s) 0, 1, 2, 3, 4, 5, 6, 7, 8, 9, 10, 11, 12, 13, 14, 15, 16, 17, 18, 19, 20, 21, 22, 23, 24, 25, 26, 27, 28, 29, 30, 31, 32, 33, 34, 35, 36, 37, 38, 39, 40, 41, 44, 45, 46, 47, 48, 49 
   Node 105 : 
      Char. 0: point(s) 0, 1, 2, 3, 4, 5, 6, 7, 8, 9, 10, 11, 12, 13, 14, 15, 16, 17, 18, 19, 20, 21, 22, 23, 24, 25, 26, 27, 28, 29, 30, 31, 32, 33, 34, 35, 36, 37, 38, 39, 40, 41, 42, 43, 44, 45, 46, 47, 48, 49 
      Char. 1: point(s) 1, 6 
      Char. 3: point(s) 18, 19, 20, 21, 23, 24, 25, 40, 42, 43, 44 
   Node 106 : 
      Char. 0: point(s) 0, 1, 2, 3, 4, 5, 6, 7, 8, 9, 10, 11, 12, 13, 14, 15, 16, 17, 18, 19, 20, 21, 22, 23, 24, 25, 26, 27, 28, 29, 30, 31, 32, 33, 34, 35, 36, 37, 38, 39, 40, 41, 42, 43, 44, 45, 46, 47, 48, 49 
      Char. 1: point(s) 1, 6 
      Char. 3: point(s) 18, 19, 20, 21, 23, 24, 25, 40, 42, 43, 44 
   Node 107 : 
      Char. 0: point(s) 0, 1, 2, 3, 4, 5, 6, 7, 8, 9, 10, 11, 12, 13, 14, 15, 16, 17, 18, 19, 20, 21, 22, 23, 24, 25, 26, 27, 28, 29, 30, 31, 32, 33, 34, 35, 36, 37, 38, 39, 40, 41, 42, 43, 44, 45, 46, 47, 48, 49 
      Char. 1: point(s) 1, 6 
      Char. 3: point(s) 18, 19, 20, 21, 23, 24, 25, 40, 42, 43, 44 
   Node 108 : 
      Char. 0: point(s) 14 
      Char. 2: point(s) 6, 7, 8, 9, 10, 11, 12, 13, 14, 15, 16, 17, 18, 19, 20, 21, 22, 23, 30, 32, 33, 34, 35, 36, 37, 38, 39, 42, 43, 44, 45, 46, 47, 48, 49 
      Char. 3: point(s) 16, 27, 28, 30, 31, 32, 33, 48, 49 
   Node 109 : 
      Char. 1: point(s) 3, 4, 5, 6 
      Char. 2: point(s) 27, 28, 29, 30 
      Char. 3: point(s) 0, 1, 2, 4, 5, 6, 9, 10, 11, 12, 13, 15, 16, 20, 21, 22, 23, 24, 25, 26, 27, 34, 35, 36, 37, 38, 39, 46, 47, 48, 49 
   Node 110 : 
      Char. 0: point(s) 1, 2, 3, 4, 6, 14, 15, 16, 17, 18, 19, 20, 24, 25, 27, 29, 32, 33, 34, 35, 36, 37, 38, 40, 41, 42, 44, 45, 46, 47, 48, 49 
      Char. 1: point(s) 1, 2, 3, 4, 5 
      Char. 2: point(s) 0, 1, 2, 3, 4, 5, 6, 7, 8, 9, 10, 11, 12, 13, 14, 15, 16, 17, 18, 19, 20, 21, 22, 23, 24, 25, 26, 27, 28, 29, 30, 31, 32, 33, 34, 35, 36, 37, 38, 39, 40, 41, 42, 43, 44, 45, 46, 47, 48, 49 
      Char. 3: point(s) 0, 1, 2, 3, 4, 5, 6, 7, 8, 9, 10, 11, 12, 13, 14, 15, 16, 17, 18, 19, 20, 21, 22, 23, 24, 25, 26, 27, 28, 29, 30, 31, 32, 33, 34, 35, 36, 37, 38, 39, 40, 41, 42, 43, 44, 45, 46, 47, 48, 49 
   Node 111 : 
      Char. 1: point(s) 0, 1, 2, 3, 4 
      Char. 2: point(s) 0, 1, 2, 3, 4, 5, 6, 26, 27, 28, 29, 30, 31, 32, 33, 34, 35, 36, 37, 38, 39, 40, 41, 42, 43, 44, 45, 46, 47, 48, 49 
      Char. 3: point(s) 18, 19, 20, 21, 22, 23, 24, 25, 26, 27, 28, 29, 30, 31, 32, 33, 34, 35, 36, 37, 38, 39, 40, 41, 42, 43, 44, 45, 46, 47, 48, 49 
   Node 112 : 
      Char. 1: point(s) 0, 1, 2, 3, 4, 5, 6 
      Char. 2: point(s) 0, 1, 2, 3, 4, 5, 6, 7, 8, 9, 10, 11, 12, 13, 14, 15, 16, 17, 18, 19, 20, 21, 22, 23, 24, 25, 26, 27, 28, 29, 30, 31, 32, 33, 34, 35, 36, 37, 38, 39, 40, 41, 42, 43, 44, 45, 46, 47, 48, 49 
      Char. 3: point(s) 0, 1, 2, 3, 4, 5, 6, 7, 8, 9, 10, 11, 12, 13, 14, 15, 16, 17, 18, 19, 20, 21, 22, 23, 24, 25, 26, 27, 28, 29, 30, 31, 32, 33, 34, 35, 36, 37, 38, 39, 40, 41, 42, 43, 44, 45, 46, 47, 48, 49 
   Node 113 : 
      Char. 0: point(s) 16 
      Char. 1: point(s) 0, 4 
      Char. 2: point(s) 0, 1, 2, 3, 4, 5, 6, 7, 8, 9, 10, 11, 12, 13, 14, 15, 16, 17, 18, 19, 20, 21, 22, 23, 24, 25, 26, 27, 28, 29, 30, 31, 32, 33, 34, 35, 36, 37, 38, 39, 40, 41, 42, 43, 44, 45, 46, 47, 48, 49 
      Char. 3: point(s) 0, 1, 2, 3, 7, 8, 13, 14, 15, 16, 17, 18, 19, 20, 21, 23, 24, 25, 26, 27, 28, 29, 39, 40, 41, 42, 43, 44, 45, 46, 47, 48, 49 
   Node 114 : 
      Char. 0: point(s) 0, 5, 6, 7, 8, 9, 10, 11, 12, 13, 14, 21, 22, 23, 24, 25, 26, 27, 28, 29, 30, 31, 39, 40, 42, 43, 44 
      Char. 1: point(s) 0, 1, 2, 3, 4, 5, 6 
      Char. 2: point(s) 0, 1, 2, 3, 4, 5, 6, 7, 8, 9, 10, 11, 12, 13, 14, 15, 16, 17, 18, 19, 20, 21, 22, 23, 24, 25, 26, 27, 28, 29, 30, 31, 32, 33, 34, 35, 36, 37, 38, 39, 40, 41, 42, 43, 44, 45, 46, 47, 48, 49 
      Char. 3: point(s) 0, 1, 2, 3, 4, 5, 6, 7, 8, 9, 10, 11, 12, 13, 14, 15, 16, 17, 18, 19, 20, 21, 22, 23, 24, 25, 26, 27, 28, 29, 30, 31, 32, 33, 34, 35, 36, 37, 38, 39, 40, 41, 42, 43, 44, 45, 46, 47, 48, 49 
   Node 115 : 
      Char. 0: point(s) 1, 24, 25, 26, 27, 28, 29, 30, 31, 32, 33, 46, 47, 48, 49 
      Char. 1: point(s) 1, 2, 3, 4, 6 
      Char. 2: point(s) 0, 1, 2, 3, 4, 5, 6, 7, 8, 9, 10, 11, 12, 20, 21, 22, 23, 24, 25, 26, 27, 28, 29, 30, 31, 32, 33, 34, 35, 36, 37, 43, 44, 45, 46, 47, 48, 49 
      Char. 3: point(s) 0, 1, 2, 3, 4, 5, 6, 7, 8, 9, 10, 11, 12, 13, 14, 15, 16, 17, 18, 19, 20, 21, 22, 23, 24, 25, 26, 27, 28, 29, 30, 31, 32, 33, 34, 35, 36, 37, 44, 45, 46, 47, 48, 49 
   Node 116 : 
      Char. 0: point(s) 14 
      Char. 1: point(s) 0, 1, 2, 3, 4, 5, 6 
      Char. 2: point(s) 0, 1, 2, 3, 4, 5, 6, 7, 8, 9, 10, 11, 12, 13, 14, 15, 16, 17, 18, 19, 20, 21, 22, 23, 24, 25, 26, 27, 28, 29, 30, 31, 32, 33, 34, 35, 36, 37, 38, 39, 40, 41, 42, 43, 44, 45, 46, 47, 48, 49 
      Char. 3: point(s) 0, 1, 2, 3, 4, 5, 6, 7, 8, 9, 10, 11, 12, 13, 14, 15, 16, 17, 18, 19, 20, 21, 22, 23, 24, 25, 26, 27, 28, 29, 30, 31, 32, 33, 34, 35, 36, 37, 38, 39, 40, 41, 42, 43, 44, 45, 46, 47, 48, 49 
   Node 117 : 
      Char. 0: point(s) 24 
      Char. 2: point(s) 10, 11, 12, 13, 14, 15, 17, 18, 20, 21, 30, 31, 32, 33, 34, 37, 40, 41, 43, 44, 45, 46, 47, 48, 49 
   Node 118 : 
      Char. 0: point(s) 0, 1, 2, 3, 4, 5, 6, 7, 8, 9, 10, 11, 12, 13, 14, 15, 16, 17, 18, 19, 20, 21, 22, 23, 24, 27, 28, 29, 30, 31, 32, 33, 34, 35, 36, 37, 38, 39, 40, 41, 42, 43, 44, 45, 46, 47, 48, 49 
      Char. 2: point(s) 4, 5, 6, 7, 8, 9, 10, 23, 24, 25, 26, 27, 28, 29, 30, 31 
      Char. 3: point(s) 23 
   Node 119 : 
      Char. 0: point(s) 1, 2, 3, 15, 16, 17, 18, 19, 20, 21, 22, 24, 25, 49 
      Char. 1: point(s) 0, 1, 2, 3, 4, 5, 6 
      Char. 2: point(s) 0, 1, 2, 3, 4, 5, 6, 7, 8, 9, 10, 11, 12, 13, 14, 15, 16, 17, 18, 19, 20, 21, 22, 23, 24, 25, 26, 27, 28, 29, 30, 31, 32, 33, 34, 35, 36, 37, 38, 39, 40, 41, 42, 43, 44, 45, 46, 47, 48, 49 
      Char. 3: point(s) 0, 1, 2, 3, 4, 5, 6, 7, 8, 9, 10, 11, 12, 13, 14, 15, 16, 17, 18, 19, 20, 21, 22, 23, 24, 25, 26, 27, 28, 29, 30, 31, 32, 33, 34, 35, 36, 37, 38, 39, 40, 41, 42, 43, 44, 45, 46, 47, 48, 49 
   Node 120 : 
      Char. 1: point(s) 1, 2, 3, 4, 5, 6 
      Char. 2: point(s) 0, 1, 2, 3, 4, 5, 6, 7, 8, 9, 10, 11, 12, 13, 14, 15, 16, 17, 18, 19, 20, 21, 22, 23, 24, 25, 26, 27, 28, 29, 30, 31, 32, 33, 34, 35, 36, 37, 38, 39, 40, 41, 42, 43, 44, 45, 46, 47, 48, 49 
      Char. 3: point(s) 0, 1, 2, 3, 4, 5, 6, 7, 8, 9, 10, 11, 12, 13, 14, 15, 16, 17, 18, 19, 20, 21, 22, 23, 24, 25, 26, 27, 28, 29, 30, 31, 32, 33, 34, 35, 36, 37, 44, 45, 46, 47, 48, 49 
   Node 121 : 
      Char. 0: point(s) 0, 1, 2, 3, 4, 5, 6, 7, 9, 10, 11, 12, 13, 14, 15, 16, 17, 19, 20, 21, 27, 29, 30, 31, 32, 33, 34, 35, 36, 37, 38, 40, 41, 42, 43, 44, 45, 46, 47, 48, 49 
      Char. 1: point(s) 3 
      Char. 2: point(s) 23, 24, 25, 28, 29, 30 
      Char. 3: point(s) 0, 1, 2, 3, 4, 5, 6, 7, 8, 9, 10, 11, 12, 13, 14, 15, 16, 17, 18, 19, 20, 21, 22, 23, 24, 25, 26, 27, 28, 29, 30, 31, 32, 43, 44, 45, 46, 47, 48, 49 
