 
Tree 0 : 
    3902_nova : 
      No autapomorphies 
    4360_mitc : 
      No autapomorphies 
    4361_mitc : 
      No autapomorphies 
    4362_mitc : 
      No autapomorphies 
    4363_mitc : 
      No autapomorphies 
    4364_mitc : 
      Char. 1: 3.872 --> 3.400 
      Char. 2: 1.008-1.256 --> 1.306 
    4365_mitc : 
      Char. 0: 4.696-4.818 --> 5.616 
      Char. 1: 3.872 --> 4.928 
      Char. 3: 1.072 --> 1.041 
      Char. 4: 1.621-2.359 --> 2.451 
      Char. 5: 0.910-1.138 --> 1.186 
    4366_mitc : 
      Char. 0: 4.696-4.818 --> 5.082 
      Char. 1: 3.872 --> 4.917 
      Char. 3: 1.072 --> 1.212 
    4367_mitc : 
      Char. 3: 0.821-1.032 --> 0.658 
    4368_mitc : 
      Char. 0: 4.696-4.818 --> 4.320 
    4369_mitc : 
      Char. 0: 4.696-4.818 --> 4.320 
    4370_nova : 
      Char. 2: 0.767-0.842 --> 0.651 
      Char. 3: 0.821-0.967 --> 0.406 
      Char. 4: 1.000-1.135 --> 0.945 
    4371_nova : 
      No autapomorphies 
    4372_nova : 
      No autapomorphies 
    4373_nova : 
      No autapomorphies 
    4374_nova : 
      Char. 0: 4.176 --> 3.833 
      Char. 2: 0.808-0.864 --> 0.454 
      Char. 3: 1.174 --> 1.341 
      Char. 5: 0.405 --> 0.454 
    4375_nova : 
      Char. 2: 0.767-0.842 --> 0.651 
      Char. 3: 0.821-0.967 --> 0.406 
      Char. 4: 1.000-1.135 --> 0.945 
    4376_sp_Coola : 
      Char. 3: 0.386-0.659 --> 0.379 
      Char. 4: 0.346 --> 0.319 
    4377_sp_MtKap : 
      No autapomorphies 
    4378_nova : 
      Char. 0: 3.427 --> 3.249 
      Char. 1: 2.173 --> 1.989 
    4379_nova : 
      Char. 2: 0.511-0.636 --> 0.453 
      Char. 5: 0.284 --> 0.229 
    4380_sp_MtKap : 
      No autapomorphies 
    4381_rich : 
      Char. 2: 0.969-1.130 --> 1.670 
    4382_nova : 
      No autapomorphies 
    4383_nova : 
      Char. 0: 4.176 --> 3.784 
      Char. 1: 3.701 --> 3.488 
      Char. 2: 0.808-0.864 --> 0.612 
      Char. 3: 1.174 --> 1.196 
      Char. 4: 1.135 --> 1.091 
      Char. 5: 0.405 --> 0.260 
    4384_nova : 
      Char. 0: 4.176 --> 4.147 
      Char. 1: 3.421-3.443 --> 3.042 
    4385_nova : 
      Char. 3: 0.821-0.967 --> 1.118 
      Char. 4: 1.000-1.135 --> 0.806 
    4387_nova : 
      No autapomorphies 
    4388_nova : 
      Char. 0: 4.176 --> 5.192 
      Char. 1: 3.744 --> 3.832 
      Char. 3: 0.957-1.091 --> 0.639 
      Char. 4: 1.119-1.135 --> 1.010 
      Char. 5: 0.405-0.426 --> 0.569 
    4389_nova : 
      Char. 0: 4.176 --> 3.784 
      Char. 1: 3.701 --> 3.488 
      Char. 2: 0.808-0.864 --> 0.612 
      Char. 3: 1.174 --> 1.196 
      Char. 4: 1.135 --> 1.091 
      Char. 5: 0.405 --> 0.260 
    4390_nova : 
      No autapomorphies 
    4391_nova : 
      No autapomorphies 
    4392_nova : 
      Char. 0: 4.719 --> 5.360 
      Char. 1: 3.421 --> 4.032 
      Char. 2: 1.218 --> 1.299 
      Char. 3: 1.258 --> 1.016 
      Char. 4: 2.107 --> 1.180 
      Char. 5: 0.248 --> 0.216 
    4393_nova : 
      No autapomorphies 
    4394_nova : 
      No autapomorphies 
    4395_nova : 
      Char. 0: 4.176 --> 4.829 
      Char. 1: 3.701 --> 3.949 
      Char. 2: 0.808-0.864 --> 0.986 
      Char. 3: 1.174 --> 0.848 
      Char. 4: 1.135 --> 1.389 
      Char. 5: 0.405 --> 0.623 
    4397_nova : 
      No autapomorphies 
    4398_nova : 
      No autapomorphies 
    4399_nova : 
      No autapomorphies 
    4400_nova : 
      No autapomorphies 
    4401_nova : 
      No autapomorphies 
    4749_nova : 
      No autapomorphies 
    4750_nova : 
      Char. 0: 4.520 --> 4.422 
      Char. 1: 3.840-3.864 --> 4.070 
      Char. 2: 0.842 --> 1.181 
      Char. 4: 1.000-1.135 --> 1.159 
    4751_nova : 
      No autapomorphies 
    4752_nova : 
      Char. 0: 4.176 --> 4.792 
      Char. 1: 3.701 --> 3.736 
      Char. 2: 0.808-0.864 --> 1.581 
      Char. 4: 1.135 --> 1.301 
      Char. 5: 0.405 --> 0.297 
    4753_nova : 
      Char. 1: 3.701 --> 3.744 
      Char. 2: 0.808-0.864 --> 1.376 
      Char. 3: 1.174 --> 1.091 
      Char. 4: 1.135 --> 1.169 
    4754_nova : 
      Char. 2: 1.285 --> 1.376 
      Char. 4: 1.119-1.135 --> 1.169 
    4755_nova : 
      No autapomorphies 
    4756_nova : 
      No autapomorphies 
    4827_nova : 
      Char. 0: 4.499 --> 4.504 
      Char. 1: 3.443 --> 3.504 
      Char. 5: 0.426 --> 0.493 
    4828_nova : 
      Char. 0: 4.176-4.499 --> 4.920 
      Char. 1: 3.421 --> 3.216 
    4829_nova : 
      Char. 0: 4.176-4.499 --> 4.048 
      Char. 2: 0.808-0.864 --> 0.947 
      Char. 3: 0.690 --> 0.539 
      Char. 4: 1.119 --> 0.899 
      Char. 5: 0.395 --> 0.388 
    4853_sp_MtKap : 
      No autapomorphies 
    4854_sp_MtKap : 
      No autapomorphies 
    4855_nova : 
      No autapomorphies 
    4856_nova : 
      No autapomorphies 
    4857_nova : 
      No autapomorphies 
    4858_nova : 
      No autapomorphies 
    4859_nova : 
      Char. 2: 0.786 --> 0.651 
      Char. 3: 1.240 --> 1.499 
      Char. 4: 1.587 --> 1.623 
    4860_nova : 
      Char. 0: 4.176-4.307 --> 4.169 
      Char. 1: 3.394-3.421 --> 4.290 
      Char. 2: 1.151 --> 1.980 
      Char. 3: 0.967 --> 1.290 
      Char. 4: 0.823-1.135 --> 1.502 
      Char. 5: 0.709 --> 1.151 
    4861_sp_MtBoss : 
      Char. 0: 3.465-4.176 --> 3.427 
      Char. 1: 3.091-3.421 --> 2.173 
      Char. 3: 0.803 --> 0.794 
      Char. 4: 0.761 --> 0.497 
      Char. 5: 0.454-0.494 --> 0.328 
    4862_sp_MtBoss : 
      No autapomorphies 
    4863_nova : 
      No autapomorphies 
    4864_nova : 
      Char. 2: 0.808-0.864 --> 0.804 
      Char. 4: 1.000-1.135 --> 1.188 
    4868_sp_MtKap : 
      Char. 0: 2.249 --> 2.821 
      Char. 1: 1.679 --> 2.310 
      Char. 2: 0.511 --> 0.439 
      Char. 3: 0.386 --> 0.395 
      Char. 4: 0.481 --> 0.469 
      Char. 5: 0.357 --> 0.328 
    4872_darl : 
      Char. 1: 4.081-4.279 --> 4.433 
      Char. 2: 0.969-1.130 --> 1.222 
      Char. 3: 1.095-1.200 --> 1.443 
      Char. 5: 0.678-0.918 --> 1.186 
    4873_darl : 
      Char. 0: 5.841 --> 5.654 
      Char. 2: 0.969-1.130 --> 0.889 
      Char. 3: 1.095-1.200 --> 1.276 
      Char. 4: 1.754-1.783 --> 2.135 
      Char. 5: 0.678-0.918 --> 1.122 
    4874_darl : 
      Char. 1: 4.081-4.279 --> 4.433 
      Char. 3: 1.095-1.200 --> 1.016 
      Char. 4: 1.754-1.783 --> 2.043 
      Char. 5: 0.678-0.918 --> 0.677 
    4876_rich : 
      Char. 0: 5.841 --> 5.296 
      Char. 1: 4.081-4.279 --> 4.016 
      Char. 4: 1.560 --> 1.434 
    4880_sp_Gibr : 
      Char. 0: 5.296-5.456 --> 6.192 
      Char. 1: 3.840-3.864 --> 3.752 
    4881_sp_Gibr : 
      Char. 1: 3.864 --> 4.016 
      Char. 2: 1.111-1.352 --> 1.772 
      Char. 3: 1.332 --> 1.439 
      Char. 4: 1.000-1.135 --> 1.512 
      Char. 5: 0.590 --> 0.677 
    4884_sp_Gibr : 
      Char. 4: 1.000-1.135 --> 0.945 
    4886_rich : 
      Char. 0: 5.841 --> 5.940 
      Char. 2: 1.130 --> 1.302 
      Char. 3: 1.095 --> 0.933 
   Node 74 : 
      No synapomorphies 
   Node 75 : 
      No synapomorphies 
   Node 76 : 
      No synapomorphies 
   Node 77 : 
      Char. 0: 4.176-4.307 --> 4.552 
      Char. 1: 3.421 --> 3.840-3.864 
      Char. 5: 0.377 --> 0.301-0.365 
   Node 78 : 
      Char. 5: 0.454-0.494 --> 0.377 
   Node 79 : 
      No synapomorphies 
   Node 80 : 
      No synapomorphies 
   Node 81 : 
      No synapomorphies 
   Node 82 : 
      No synapomorphies 
   Node 83 : 
      No synapomorphies 
   Node 84 : 
      No synapomorphies 
   Node 85 : 
      Char. 1: 3.872 --> 4.345 
      Char. 2: 0.767-0.842 --> 0.687 
      Char. 3: 1.072 --> 1.165 
   Node 86 : 
      Char. 3: 0.821-1.032 --> 1.072 
      Char. 4: 1.227 --> 1.506 
      Char. 5: 0.803 --> 0.898 
   Node 87 : 
      Char. 4: 1.000-1.135 --> 1.227 
      Char. 5: 0.567-0.590 --> 0.803 
   Node 88 : 
      Char. 0: 4.552 --> 4.696-4.818 
      Char. 5: 0.301-0.365 --> 0.567-0.590 
   Node 89 : 
      Char. 2: 0.767-0.842 --> 1.008-1.256 
      Char. 4: 1.506 --> 1.621-2.359 
      Char. 5: 0.898 --> 0.910-1.138 
   Node 90 : 
      Char. 0: 4.176 --> 4.994 
      Char. 1: 3.394-3.701 --> 4.532 
      Char. 2: 0.808-0.864 --> 1.132 
      Char. 5: 0.454-0.494 --> 0.520 
   Node 91 : 
      No synapomorphies 
   Node 92 : 
      No synapomorphies 
   Node 93 : 
      No synapomorphies 
   Node 94 : 
      Char. 3: 0.913 --> 0.803 
      Char. 4: 1.000-1.135 --> 0.761 
   Node 95 : 
      No synapomorphies 
   Node 96 : 
      Char. 3: 0.957-1.091 --> 1.174 
   Node 97 : 
      No synapomorphies 
   Node 98 : 
      No synapomorphies 
   Node 99 : 
      Char. 4: 0.481 --> 0.346 
      Char. 5: 0.357 --> 0.284 
   Node 100 : 
      No synapomorphies 
   Node 101 : 
      Char. 0: 3.350-3.728 --> 2.249 
      Char. 1: 2.650-3.288 --> 1.679 
   Node 102 : 
      Char. 1: 2.650-3.701 --> 2.173 
   Node 103 : 
      No synapomorphies 
   Node 104 : 
      Char. 0: 3.427-4.176 --> 5.841 
      Char. 1: 2.650-3.701 --> 3.894 
      Char. 2: 0.511-0.864 --> 0.969-1.130 
      Char. 4: 1.100-1.135 --> 1.754-1.783 
      Char. 5: 0.454-0.494 --> 0.653 
   Node 105 : 
      No synapomorphies 
   Node 106 : 
      No synapomorphies 
   Node 107 : 
      No synapomorphies 
   Node 108 : 
      No synapomorphies 
   Node 109 : 
      No synapomorphies 
   Node 110 : 
      Char. 0: 4.552 --> 4.520 
   Node 111 : 
      No synapomorphies 
   Node 112 : 
      Char. 0: 4.176-4.307 --> 3.839 
      Char. 2: 0.767-0.842 --> 0.612 
      Char. 3: 0.821-0.967 --> 0.662 
      Char. 4: 1.000-1.135 --> 1.141 
   Node 113 : 
      Char. 1: 3.421-3.701 --> 3.744 
      Char. 2: 0.808-0.864 --> 1.285 
   Node 114 : 
      Char. 0: 4.552 --> 4.719 
      Char. 1: 3.840-3.864 --> 3.421 
      Char. 2: 0.767-0.842 --> 1.218 
      Char. 3: 0.821-0.967 --> 1.258 
      Char. 4: 1.000-1.135 --> 2.107 
      Char. 5: 0.301-0.365 --> 0.248 
   Node 115 : 
      Char. 2: 0.808-0.864 --> 0.786 
      Char. 3: 0.957-1.091 --> 1.240 
      Char. 4: 1.119-1.135 --> 1.587 
   Node 116 : 
      No synapomorphies 
   Node 117 : 
      Char. 3: 0.957-1.091 --> 0.690 
      Char. 5: 0.405-0.426 --> 0.395 
   Node 118 : 
      Char. 1: 3.894 --> 4.081-4.279 
      Char. 5: 0.653 --> 0.678-0.918 
   Node 119 : 
      Char. 4: 1.754-1.783 --> 1.560 
   Node 120 : 
      Char. 0: 4.696-4.818 --> 5.296-5.456 
      Char. 2: 0.767-0.842 --> 1.111-1.352 
   Node 121 : 
      Char. 3: 1.032 --> 1.332 
